<?xml version="1.0" encoding="utf-8"?>
<TestRun id="e5057144-cde8-4760-b765-219f511852e1" name="@MacBook-Pro-tilhrende-Niklas 2024-12-31 01:56:06" xmlns="http://microsoft.com/schemas/VisualStudio/TeamTest/2010">
  <Times creation="2024-12-31T01:56:06.1364860+01:00" queuing="2024-12-31T01:56:06.1364860+01:00" start="2024-12-31T01:56:02.8777370+01:00" finish="2024-12-31T01:56:10.3059070+01:00" />
  <TestSettings name="default" id="ebe4675b-780d-4246-9b93-53a2ecd8ed85">
    <Deployment runDeploymentRoot="_MacBook-Pro-tilhrende-Niklas_2024-12-31_01_56_06" />
  </TestSettings>
  <Results>
    <UnitTestResult executionId="b3d57b32-3265-44a2-929d-041f0efdef0d" testId="1d306539-8790-12ce-0303-9c48c0ba893a" testName="OverblikPlus.Frontend.Tests.DropdownTests.Dropdown_Should_ClickAndSelectOption" computerName="MacBook-Pro-tilhrende-Niklas" duration="00:00:04.5116021" startTime="2024-12-31T01:56:07.6705010+01:00" endTime="2024-12-31T01:56:07.6705010+01:00" testType="13cdc9d9-ddb5-4fa4-a97d-d965ccfc6d4b" outcome="Passed" testListId="8c84fa94-04c1-424b-9868-57a2d4851a1d" relativeResultsDirectory="b3d57b32-3265-44a2-929d-041f0efdef0d" />
    <UnitTestResult executionId="b413f4a6-90d2-456e-b91b-fe605d02c57a" testId="d23f1d7f-c2f4-513b-5391-953e61eb072f" testName="OverblikPlus.Frontend.Tests.UITests.HomePage_Title_Should_Be_Correct" computerName="MacBook-Pro-tilhrende-Niklas" duration="00:00:03.1632406" startTime="2024-12-31T01:56:06.3228550+01:00" endTime="2024-12-31T01:56:06.3228550+01:00" testType="13cdc9d9-ddb5-4fa4-a97d-d965ccfc6d4b" outcome="Passed" testListId="8c84fa94-04c1-424b-9868-57a2d4851a1d" relativeResultsDirectory="b413f4a6-90d2-456e-b91b-fe605d02c57a" />
    <UnitTestResult executionId="8b3eb8c3-373e-4ddd-b2bd-c2311a406696" testId="8a72372b-0800-d84c-858e-274b3f72b27e" testName="SuccessfulLogin" computerName="MacBook-Pro-tilhrende-Niklas" duration="00:00:02.3819680" startTime="2024-12-31T01:56:07.8451680+01:00" endTime="2024-12-31T01:56:10.2271030+01:00" testType="13cdc9d9-ddb5-4fa4-a97d-d965ccfc6d4b" outcome="Passed" testListId="8c84fa94-04c1-424b-9868-57a2d4851a1d" relativeResultsDirectory="8b3eb8c3-373e-4ddd-b2bd-c2311a406696">
      <Output>
        <StdOut>Given I am on the login page
-&gt; done: LoginSteps.GivenIAmOnTheLoginPage() (2,1s)
When I enter a valid email and password
-&gt; done: LoginSteps.WhenIEnterAValidEmailAndPassword() (0,1s)
And I click the login button
-&gt; done: LoginSteps.WhenIClickTheLoginButton() (0,1s)
Then I should be redirected to the homepage
-&gt; done: LoginSteps.ThenIShouldBeRedirectedToTheHomepage() (0,0s)</StdOut>
      </Output>
    </UnitTestResult>
    <UnitTestResult executionId="5ad49737-147b-484d-9af9-99b4c7eec93b" testId="338e63a0-a445-e133-2473-e7309b5081a0" testName="OverblikPlus.Frontend.Tests.ValidationTests.EmptyInput_Should_ShowValidationError" computerName="MacBook-Pro-tilhrende-Niklas" duration="00:00:02.8937857" startTime="2024-12-31T01:56:06.0594820+01:00" endTime="2024-12-31T01:56:06.0594820+01:00" testType="13cdc9d9-ddb5-4fa4-a97d-d965ccfc6d4b" outcome="Failed" testListId="8c84fa94-04c1-424b-9868-57a2d4851a1d" relativeResultsDirectory="5ad49737-147b-484d-9af9-99b4c7eec93b">
      <Output>
        <ErrorInfo>
          <Message>OpenQA.Selenium.WebDriverException : unknown error: net::ERR_CONNECTION_REFUSED
  (Session info: chrome=131.0.6778.205)</Message>
          <StackTrace>   at OpenQA.Selenium.WebDriver.UnpackAndThrowOnError(Response errorResponse, String commandToExecute)
   at OpenQA.Selenium.WebDriver.ExecuteAsync(String driverCommandToExecute, Dictionary`2 parameters)
   at OpenQA.Selenium.Navigator.GoToUrlAsync(String url)
   at OpenQA.Selenium.Navigator.&lt;&gt;c__DisplayClass6_0.&lt;&lt;GoToUrl&gt;b__0&gt;d.MoveNext()
--- End of stack trace from previous location ---
   at OpenQA.Selenium.Navigator.GoToUrl(String url)
   at OverblikPlus.Frontend.Tests.ValidationTests.EmptyInput_Should_ShowValidationError() in /Users/niklasduenim/Documents/Programmering/Gitten/4semester/OverblikPlus.Frontend.Tests/OverblikPlus.Frontend.Tests/ValidationTests.cs:line 12
   at System.RuntimeMethodHandle.InvokeMethod(Object target, Void** arguments, Signature sig, Boolean isConstructor)
   at System.Reflection.MethodBaseInvoker.InvokeWithNoArgs(Object obj, BindingFlags invokeAttr)</StackTrace>
        </ErrorInfo>
      </Output>
    </UnitTestResult>
    <UnitTestResult executionId="a444bbf2-61ea-418e-b2af-f11f3e1df9c2" testId="bf5f09ae-20eb-c8e0-a350-26b6b555ab6a" testName="LoginTests.LoginButton_Click_Should_NavigateToHomePage" computerName="MacBook-Pro-tilhrende-Niklas" duration="00:00:04.5312886" startTime="2024-12-31T01:56:07.6901670+01:00" endTime="2024-12-31T01:56:07.6901670+01:00" testType="13cdc9d9-ddb5-4fa4-a97d-d965ccfc6d4b" outcome="Passed" testListId="8c84fa94-04c1-424b-9868-57a2d4851a1d" relativeResultsDirectory="a444bbf2-61ea-418e-b2af-f11f3e1df9c2" />
    <UnitTestResult executionId="a84a7461-25d6-439e-bf5f-141a62ceba8b" testId="35754785-7cc1-0c3d-583e-c649461a6eda" testName="OverblikPlus.Frontend.Tests.QRCodeTests.QRCodeScan_Should_NavigateToTaskSteps" computerName="MacBook-Pro-tilhrende-Niklas" duration="00:00:02.6773050" startTime="2024-12-31T01:56:05.8555370+01:00" endTime="2024-12-31T01:56:05.8555490+01:00" testType="13cdc9d9-ddb5-4fa4-a97d-d965ccfc6d4b" outcome="Failed" testListId="8c84fa94-04c1-424b-9868-57a2d4851a1d" relativeResultsDirectory="a84a7461-25d6-439e-bf5f-141a62ceba8b">
      <Output>
        <ErrorInfo>
          <Message>OpenQA.Selenium.WebDriverException : unknown error: net::ERR_NAME_NOT_RESOLVED
  (Session info: chrome=131.0.6778.205)</Message>
          <StackTrace>   at OpenQA.Selenium.WebDriver.UnpackAndThrowOnError(Response errorResponse, String commandToExecute)
   at OpenQA.Selenium.WebDriver.ExecuteAsync(String driverCommandToExecute, Dictionary`2 parameters)
   at OpenQA.Selenium.Navigator.GoToUrlAsync(String url)
   at OpenQA.Selenium.Navigator.&lt;&gt;c__DisplayClass6_0.&lt;&lt;GoToUrl&gt;b__0&gt;d.MoveNext()
--- End of stack trace from previous location ---
   at OpenQA.Selenium.Navigator.GoToUrl(String url)
   at OverblikPlus.Frontend.Tests.QRCodeTests.QRCodeScan_Should_NavigateToTaskSteps() in /Users/niklasduenim/Documents/Programmering/Gitten/4semester/OverblikPlus.Frontend.Tests/OverblikPlus.Frontend.Tests/QRCodeTests.cs:line 12
   at System.RuntimeMethodHandle.InvokeMethod(Object target, Void** arguments, Signature sig, Boolean isConstructor)
   at System.Reflection.MethodBaseInvoker.InvokeWithNoArgs(Object obj, BindingFlags invokeAttr)</StackTrace>
        </ErrorInfo>
      </Output>
    </UnitTestResult>
  </Results>
  <TestDefinitions>
    <UnitTest name="LoginTests.LoginButton_Click_Should_NavigateToHomePage" storage="/users/niklasduenim/documents/programmering/gitten/4semester/overblikplus.frontend.tests/overblikplus.frontend.tests/bin/debug/net8.0/overblikplus.frontend.tests.dll" id="bf5f09ae-20eb-c8e0-a350-26b6b555ab6a">
      <Execution id="a444bbf2-61ea-418e-b2af-f11f3e1df9c2" />
      <TestMethod codeBase="/Users/niklasduenim/Documents/Programmering/Gitten/4semester/OverblikPlus.Frontend.Tests/OverblikPlus.Frontend.Tests/bin/Debug/net8.0/OverblikPlus.Frontend.Tests.dll" adapterTypeName="executor://xunit/VsTestRunner2/netcoreapp" className="LoginTests" name="LoginButton_Click_Should_NavigateToHomePage" />
    </UnitTest>
    <UnitTest name="OverblikPlus.Frontend.Tests.ValidationTests.EmptyInput_Should_ShowValidationError" storage="/users/niklasduenim/documents/programmering/gitten/4semester/overblikplus.frontend.tests/overblikplus.frontend.tests/bin/debug/net8.0/overblikplus.frontend.tests.dll" id="338e63a0-a445-e133-2473-e7309b5081a0">
      <Execution id="5ad49737-147b-484d-9af9-99b4c7eec93b" />
      <TestMethod codeBase="/Users/niklasduenim/Documents/Programmering/Gitten/4semester/OverblikPlus.Frontend.Tests/OverblikPlus.Frontend.Tests/bin/Debug/net8.0/OverblikPlus.Frontend.Tests.dll" adapterTypeName="executor://xunit/VsTestRunner2/netcoreapp" className="OverblikPlus.Frontend.Tests.ValidationTests" name="EmptyInput_Should_ShowValidationError" />
    </UnitTest>
    <UnitTest name="OverblikPlus.Frontend.Tests.QRCodeTests.QRCodeScan_Should_NavigateToTaskSteps" storage="/users/niklasduenim/documents/programmering/gitten/4semester/overblikplus.frontend.tests/overblikplus.frontend.tests/bin/debug/net8.0/overblikplus.frontend.tests.dll" id="35754785-7cc1-0c3d-583e-c649461a6eda">
      <Execution id="a84a7461-25d6-439e-bf5f-141a62ceba8b" />
      <TestMethod codeBase="/Users/niklasduenim/Documents/Programmering/Gitten/4semester/OverblikPlus.Frontend.Tests/OverblikPlus.Frontend.Tests/bin/Debug/net8.0/OverblikPlus.Frontend.Tests.dll" adapterTypeName="executor://xunit/VsTestRunner2/netcoreapp" className="OverblikPlus.Frontend.Tests.QRCodeTests" name="QRCodeScan_Should_NavigateToTaskSteps" />
    </UnitTest>
    <UnitTest name="OverblikPlus.Frontend.Tests.DropdownTests.Dropdown_Should_ClickAndSelectOption" storage="/users/niklasduenim/documents/programmering/gitten/4semester/overblikplus.frontend.tests/overblikplus.frontend.tests/bin/debug/net8.0/overblikplus.frontend.tests.dll" id="1d306539-8790-12ce-0303-9c48c0ba893a">
      <Execution id="b3d57b32-3265-44a2-929d-041f0efdef0d" />
      <TestMethod codeBase="/Users/niklasduenim/Documents/Programmering/Gitten/4semester/OverblikPlus.Frontend.Tests/OverblikPlus.Frontend.Tests/bin/Debug/net8.0/OverblikPlus.Frontend.Tests.dll" adapterTypeName="executor://xunit/VsTestRunner2/netcoreapp" className="OverblikPlus.Frontend.Tests.DropdownTests" name="Dropdown_Should_ClickAndSelectOption" />
    </UnitTest>
    <UnitTest name="SuccessfulLogin" storage="/users/niklasduenim/documents/programmering/gitten/4semester/overblikplus.frontend.tests/overblikplus.frontend.tests/bin/debug/net8.0/overblikplus.frontend.tests.dll" id="8a72372b-0800-d84c-858e-274b3f72b27e">
      <Execution id="8b3eb8c3-373e-4ddd-b2bd-c2311a406696" />
      <TestMethod codeBase="/Users/niklasduenim/Documents/Programmering/Gitten/4semester/OverblikPlus.Frontend.Tests/OverblikPlus.Frontend.Tests/bin/Debug/net8.0/OverblikPlus.Frontend.Tests.dll" adapterTypeName="executor://nunit3testexecutor/" className="OverblikPlus.Frontend.Tests.LoginFeature" name="SuccessfulLogin" />
    </UnitTest>
    <UnitTest name="OverblikPlus.Frontend.Tests.UITests.HomePage_Title_Should_Be_Correct" storage="/users/niklasduenim/documents/programmering/gitten/4semester/overblikplus.frontend.tests/overblikplus.frontend.tests/bin/debug/net8.0/overblikplus.frontend.tests.dll" id="d23f1d7f-c2f4-513b-5391-953e61eb072f">
      <Execution id="b413f4a6-90d2-456e-b91b-fe605d02c57a" />
      <TestMethod codeBase="/Users/niklasduenim/Documents/Programmering/Gitten/4semester/OverblikPlus.Frontend.Tests/OverblikPlus.Frontend.Tests/bin/Debug/net8.0/OverblikPlus.Frontend.Tests.dll" adapterTypeName="executor://xunit/VsTestRunner2/netcoreapp" className="OverblikPlus.Frontend.Tests.UITests" name="HomePage_Title_Should_Be_Correct" />
    </UnitTest>
  </TestDefinitions>
  <TestEntries>
    <TestEntry testId="1d306539-8790-12ce-0303-9c48c0ba893a" executionId="b3d57b32-3265-44a2-929d-041f0efdef0d" testListId="8c84fa94-04c1-424b-9868-57a2d4851a1d" />
    <TestEntry testId="d23f1d7f-c2f4-513b-5391-953e61eb072f" executionId="b413f4a6-90d2-456e-b91b-fe605d02c57a" testListId="8c84fa94-04c1-424b-9868-57a2d4851a1d" />
    <TestEntry testId="8a72372b-0800-d84c-858e-274b3f72b27e" executionId="8b3eb8c3-373e-4ddd-b2bd-c2311a406696" testListId="8c84fa94-04c1-424b-9868-57a2d4851a1d" />
    <TestEntry testId="338e63a0-a445-e133-2473-e7309b5081a0" executionId="5ad49737-147b-484d-9af9-99b4c7eec93b" testListId="8c84fa94-04c1-424b-9868-57a2d4851a1d" />
    <TestEntry testId="bf5f09ae-20eb-c8e0-a350-26b6b555ab6a" executionId="a444bbf2-61ea-418e-b2af-f11f3e1df9c2" testListId="8c84fa94-04c1-424b-9868-57a2d4851a1d" />
    <TestEntry testId="35754785-7cc1-0c3d-583e-c649461a6eda" executionId="a84a7461-25d6-439e-bf5f-141a62ceba8b" testListId="8c84fa94-04c1-424b-9868-57a2d4851a1d" />
  </TestEntries>
  <TestLists>
    <TestList name="Results Not in a List" id="8c84fa94-04c1-424b-9868-57a2d4851a1d" />
    <TestList name="All Loaded Results" id="19431567-8539-422a-85d7-44ee4e166bda" />
  </TestLists>
  <ResultSummary outcome="Failed">
    <Counters total="6" executed="6" passed="4" failed="2" error="0" timeout="0" aborted="0" inconclusive="0" passedButRunAborted="0" notRunnable="0" notExecuted="0" disconnected="0" warning="0" completed="0" inProgress="0" pending="0" />
    <Output>
      <StdOut>[xUnit.net 00:00:00.00] xUnit.net VSTest Adapter v2.5.3.1+6b60a9e56a (64-bit .NET 8.0.8)
[xUnit.net 00:00:00.03]   Discovering: OverblikPlus.Frontend.Tests
[xUnit.net 00:00:00.05]   Discovered:  OverblikPlus.Frontend.Tests
[xUnit.net 00:00:00.05]   Starting:    OverblikPlus.Frontend.Tests
Starting ChromeDriver 131.0.6778.204 (52183f9e99a61056f9b78535f53d256f1516f2a0-refs/branch-heads/6778_155@{#7}) on port 57998
Only local connections are allowed.
Please see https://chromedriver.chromium.org/security-considerations for suggestions on keeping ChromeDriver safe.
ChromeDriver was started successfully on port 57998.
Starting ChromeDriver 131.0.6778.204 (52183f9e99a61056f9b78535f53d256f1516f2a0-refs/branch-heads/6778_155@{#7}) on port 58000
Only local connections are allowed.
Please see https://chromedriver.chromium.org/security-considerations for suggestions on keeping ChromeDriver safe.
ChromeDriver was started successfully on port 58000.
Starting ChromeDriver 131.0.6778.204 (52183f9e99a61056f9b78535f53d256f1516f2a0-refs/branch-heads/6778_155@{#7}) on port 57999
Only local connections are allowed.
Please see https://chromedriver.chromium.org/security-considerations for suggestions on keeping ChromeDriver safe.
ChromeDriver was started successfully on port 57999.
Starting ChromeDriver 131.0.6778.204 (52183f9e99a61056f9b78535f53d256f1516f2a0-refs/branch-heads/6778_155@{#7}) on port 57997
Only local connections are allowed.
Please see https://chromedriver.chromium.org/security-considerations for suggestions on keeping ChromeDriver safe.
ChromeDriver was started successfully on port 57997.
Starting ChromeDriver 131.0.6778.204 (52183f9e99a61056f9b78535f53d256f1516f2a0-refs/branch-heads/6778_155@{#7}) on port 58001
Only local connections are allowed.
Please see https://chromedriver.chromium.org/security-considerations for suggestions on keeping ChromeDriver safe.
ChromeDriver was started successfully on port 58001.
[xUnit.net 00:00:02.76]       OpenQA.Selenium.WebDriverException : unknown error: net::ERR_NAME_NOT_RESOLVED
[xUnit.net 00:00:02.76]         (Session info: chrome=131.0.6778.205)
[xUnit.net 00:00:02.76]       Stack Trace:
[xUnit.net 00:00:02.76]            at OpenQA.Selenium.WebDriver.UnpackAndThrowOnError(Response errorResponse, String commandToExecute)
[xUnit.net 00:00:02.76]            at OpenQA.Selenium.WebDriver.ExecuteAsync(String driverCommandToExecute, Dictionary`2 parameters)
[xUnit.net 00:00:02.76]            at OpenQA.Selenium.Navigator.GoToUrlAsync(String url)
[xUnit.net 00:00:02.76]            at OpenQA.Selenium.Navigator.&lt;&gt;c__DisplayClass6_0.&lt;&lt;GoToUrl&gt;b__0&gt;d.MoveNext()
[xUnit.net 00:00:02.76]         --- End of stack trace from previous location ---
[xUnit.net 00:00:02.76]            at OpenQA.Selenium.Navigator.GoToUrl(String url)
[xUnit.net 00:00:02.76]         /Users/niklasduenim/Documents/Programmering/Gitten/4semester/OverblikPlus.Frontend.Tests/OverblikPlus.Frontend.Tests/QRCodeTests.cs(12,0): at OverblikPlus.Frontend.Tests.QRCodeTests.QRCodeScan_Should_NavigateToTaskSteps()
[xUnit.net 00:00:02.76]            at System.RuntimeMethodHandle.InvokeMethod(Object target, Void** arguments, Signature sig, Boolean isConstructor)
[xUnit.net 00:00:02.76]            at System.Reflection.MethodBaseInvoker.InvokeWithNoArgs(Object obj, BindingFlags invokeAttr)
[xUnit.net 00:00:02.97]       OpenQA.Selenium.WebDriverException : unknown error: net::ERR_CONNECTION_REFUSED
[xUnit.net 00:00:02.97]         (Session info: chrome=131.0.6778.205)
[xUnit.net 00:00:02.97]       Stack Trace:
[xUnit.net 00:00:02.97]            at OpenQA.Selenium.WebDriver.UnpackAndThrowOnError(Response errorResponse, String commandToExecute)
[xUnit.net 00:00:02.97]            at OpenQA.Selenium.WebDriver.ExecuteAsync(String driverCommandToExecute, Dictionary`2 parameters)
[xUnit.net 00:00:02.97]            at OpenQA.Selenium.Navigator.GoToUrlAsync(String url)
[xUnit.net 00:00:02.97]            at OpenQA.Selenium.Navigator.&lt;&gt;c__DisplayClass6_0.&lt;&lt;GoToUrl&gt;b__0&gt;d.MoveNext()
[xUnit.net 00:00:02.97]         --- End of stack trace from previous location ---
[xUnit.net 00:00:02.97]            at OpenQA.Selenium.Navigator.GoToUrl(String url)
[xUnit.net 00:00:02.97]         /Users/niklasduenim/Documents/Programmering/Gitten/4semester/OverblikPlus.Frontend.Tests/OverblikPlus.Frontend.Tests/ValidationTests.cs(12,0): at OverblikPlus.Frontend.Tests.ValidationTests.EmptyInput_Should_ShowValidationError()
[xUnit.net 00:00:02.97]            at System.RuntimeMethodHandle.InvokeMethod(Object target, Void** arguments, Signature sig, Boolean isConstructor)
[xUnit.net 00:00:02.97]            at System.Reflection.MethodBaseInvoker.InvokeWithNoArgs(Object obj, BindingFlags invokeAttr)
[xUnit.net 00:00:04.61]   Finished:    OverblikPlus.Frontend.Tests
NUnit Adapter 4.6.0.0: Test execution started
Running all tests in /Users/niklasduenim/Documents/Programmering/Gitten/4semester/OverblikPlus.Frontend.Tests/OverblikPlus.Frontend.Tests/bin/Debug/net8.0/OverblikPlus.Frontend.Tests.dll
   NUnit3TestExecutor discovered 1 of 1 NUnit test cases using Current Discovery mode, Non-Explicit run
Starting ChromeDriver 131.0.6778.204 (52183f9e99a61056f9b78535f53d256f1516f2a0-refs/branch-heads/6778_155@{#7}) on port 58081
Only local connections are allowed.
Please see https://chromedriver.chromium.org/security-considerations for suggestions on keeping ChromeDriver safe.
ChromeDriver was started successfully on port 58081.
Given I am on the login page
-&gt; done: LoginSteps.GivenIAmOnTheLoginPage() (2,1s)
When I enter a valid email and password
-&gt; done: LoginSteps.WhenIEnterAValidEmailAndPassword() (0,1s)
And I click the login button
-&gt; done: LoginSteps.WhenIClickTheLoginButton() (0,1s)
Then I should be redirected to the homepage
-&gt; done: LoginSteps.ThenIShouldBeRedirectedToTheHomepage() (0,0s)

NUnit Adapter 4.6.0.0: Test execution complete
</StdOut>
    </Output>
    <RunInfos>
      <RunInfo computerName="MacBook-Pro-tilhrende-Niklas" outcome="Error" timestamp="2024-12-31T01:56:05.8529050+01:00">
        <Text>[xUnit.net 00:00:02.76]     OverblikPlus.Frontend.Tests.QRCodeTests.QRCodeScan_Should_NavigateToTaskSteps [FAIL]</Text>
      </RunInfo>
      <RunInfo computerName="MacBook-Pro-tilhrende-Niklas" outcome="Error" timestamp="2024-12-31T01:56:06.0596190+01:00">
        <Text>[xUnit.net 00:00:02.97]     OverblikPlus.Frontend.Tests.ValidationTests.EmptyInput_Should_ShowValidationError [FAIL]</Text>
      </RunInfo>
    </RunInfos>
  </ResultSummary>
</TestRun>